[08-Apr-2026 04:24:33 UTC] PHP Warning:  Undefined array key "host" in /workspaces/UX221-Assignment4/.wordpress/wp-includes/pluggable.php on line 1721
[08-Apr-2026 04:25:33 UTC] PHP Warning:  Undefined variable $parent_theme_name in /workspaces/UX221-Assignment4/.wordpress/wp-content/mu-plugins/one-click-child-theme/templates/create_child_form.php on line 18
[08-Apr-2026 05:04:26 UTC] PHP Fatal error:  Out of memory (allocated 37748736 bytes) (tried to allocate 28672 bytes) in /workspaces/UX221-Assignment4/.wordpress/wp-admin/includes/theme.php on line 774
[08-Apr-2026 05:04:26 UTC] PHP Fatal error:  Out of memory (allocated 37748736 bytes) (tried to allocate 12288 bytes) in /workspaces/UX221-Assignment4/.wordpress/wp-includes/functions.php on line 6910
[08-Apr-2026 05:04:30 UTC] PHP Fatal error:  Out of memory (allocated 35651584 bytes) (tried to allocate 2097152 bytes) in /workspaces/UX221-Assignment4/.wordpress/wp-content/plugins/ecommerce-product-catalog/includes/product-columns.php on line 95
[08-Apr-2026 05:04:30 UTC] PHP Fatal error:  Out of memory (allocated 35651584 bytes) (tried to allocate 2097152 bytes) in /workspaces/UX221-Assignment4/.wordpress/wp-includes/sodium_compat/src/Core/Util.php on line 12
[08-Apr-2026 05:04:40 UTC] PHP Fatal error:  Out of memory (allocated 33554432 bytes) (tried to allocate 2097152 bytes) in /workspaces/UX221-Assignment4/.wordpress/wp-content/plugins/ecommerce-product-catalog/includes/product-columns.php on line 95
[08-Apr-2026 05:04:40 UTC] PHP Fatal error:  Out of memory (allocated 33554432 bytes) (tried to allocate 2097152 bytes) in /workspaces/UX221-Assignment4/.wordpress/wp-includes/Requests/src/Cookie/Jar.php on line 32
[08-Apr-2026 05:04:51 UTC] PHP Fatal error:  Out of memory (allocated 31457280 bytes) (tried to allocate 2097152 bytes) in /workspaces/UX221-Assignment4/.wordpress/wp-content/plugins/ecommerce-product-catalog/includes/product-columns.php on line 95
[08-Apr-2026 05:04:51 UTC] PHP Fatal error:  Out of memory (allocated 31457280 bytes) (tried to allocate 2097152 bytes) in /workspaces/UX221-Assignment4/.wordpress/wp-includes/Requests/src/Cookie/Jar.php on line 32
[08-Apr-2026 05:05:08 UTC] PHP Fatal error:  Out of memory (allocated 31457280 bytes) (tried to allocate 2097152 bytes) in /workspaces/UX221-Assignment4/.wordpress/wp-content/plugins/ecommerce-product-catalog/includes/product-columns.php on line 95
[08-Apr-2026 05:05:08 UTC] PHP Fatal error:  Out of memory (allocated 31457280 bytes) (tried to allocate 2097152 bytes) in /workspaces/UX221-Assignment4/.wordpress/wp-includes/Requests/src/Cookie/Jar.php on line 32
[08-Apr-2026 05:05:18 UTC] PHP Fatal error:  Out of memory (allocated 31457280 bytes) (tried to allocate 2097152 bytes) in /workspaces/UX221-Assignment4/.wordpress/wp-content/plugins/ecommerce-product-catalog/includes/product-columns.php on line 95
[08-Apr-2026 05:05:18 UTC] PHP Fatal error:  Out of memory (allocated 31457280 bytes) (tried to allocate 2097152 bytes) in /workspaces/UX221-Assignment4/.wordpress/wp-includes/Requests/src/Cookie/Jar.php on line 32
[08-Apr-2026 05:05:24 UTC] PHP Fatal error:  Out of memory (allocated 31457280 bytes) (tried to allocate 2097152 bytes) in /workspaces/UX221-Assignment4/.wordpress/wp-content/plugins/ecommerce-product-catalog/includes/extensions.php on line 698
[08-Apr-2026 05:05:24 UTC] PHP Fatal error:  Out of memory (allocated 31457280 bytes) (tried to allocate 2097152 bytes) in /workspaces/UX221-Assignment4/.wordpress/wp-includes/Requests/src/Cookie/Jar.php on line 32
[08-Apr-2026 05:05:39 UTC] PHP Fatal error:  Out of memory (allocated 31457280 bytes) (tried to allocate 2097152 bytes) in /workspaces/UX221-Assignment4/.wordpress/wp-content/plugins/ecommerce-product-catalog/includes/product-columns.php on line 95
[08-Apr-2026 05:05:39 UTC] PHP Fatal error:  Out of memory (allocated 31457280 bytes) (tried to allocate 2097152 bytes) in /workspaces/UX221-Assignment4/.wordpress/wp-includes/Requests/src/Cookie/Jar.php on line 32
[08-Apr-2026 05:05:49 UTC] PHP Fatal error:  Out of memory (allocated 31457280 bytes) (tried to allocate 2097152 bytes) in /workspaces/UX221-Assignment4/.wordpress/wp-content/plugins/ecommerce-product-catalog/includes/product-columns.php on line 95
[08-Apr-2026 05:05:49 UTC] PHP Fatal error:  Out of memory (allocated 31457280 bytes) (tried to allocate 2097152 bytes) in /workspaces/UX221-Assignment4/.wordpress/wp-includes/Requests/src/Cookie/Jar.php on line 32
